// Vitest Snapshot v1, https://vitest.dev/guide/snapshot.html

exports[`SchedulePreview registry integration > matches the canonical classic template snapshot 1`] = `"<div class="story-canvas relative flex h-full w-full flex-col overflow-hidden rounded-[inherit] px-6 py-10" style="font-family:&#x27;Inter&#x27;, sans-serif;color:#FFFFFF;background-color:#111827;background-size:cover;background-position:50% 50%;background-repeat:no-repeat;--font-heading:48px;--font-subtitle:20px;--font-date:14px;--font-class:18px;--font-time:16px;--font-instructor:14px;--font-location:13px;--font-description:13px;--font-footer:16px;--story-hero-gap:22px;--story-schedule-gap:12px;--story-card-padding:18px;--story-footer-gap:18px;--story-time-padding-y:12px;--story-time-padding-x:18px;--story-time-min-width:80px;--story-card-accent-inset:8px;--story-card-accent-offset:8px;--story-inner-gap:16px;--story-text-gap:11px;--story-time-gap:10px;--story-logo-gap:24px;--story-logo-bottom-padding:36px"><div class="pointer-events-none absolute inset-0 z-0 bg-[radial-gradient(circle_at_top,rgba(255,255,255,0.05),transparent_55%),radial-gradient(circle_at_bottom,rgba(139,123,216,0.08),transparent_60%)] opacity-40"></div><div class="relative z-10 flex h-full flex-col"><div class="flex flex-1 flex-col" style="gap:var(--story-hero-gap)"><header class="flex flex-col items-center text-center" style="gap:var(--story-hero-gap)"><h1 class="text-story-heading font-bold tracking-tight text-center" style="color:#F8FAFC;font-weight:800;letter-spacing:-0.50px;line-height:1.1;font-size:var(--font-heading);transition:color 0.3s ease, font-weight 0.3s ease">CLASS SCHEDULE</h1><p class="text-story-date uppercase" style="color:#A5B4FC;font-weight:600;letter-spacing:2.00px;line-height:1.2;font-size:var(--font-date);transition:color 0.3s ease, font-weight 0.3s ease">Wednesday</p><p class="text-story-subtitle" style="color:#CBD5E1;font-weight:500;letter-spacing:0.00px;line-height:1.35;font-size:var(--font-subtitle);transition:color 0.3s ease, font-weight 0.3s ease">Wednesday</p></header><main class="relative flex flex-col overflow-hidden" style="flex:0 0 auto;height:65.85714285714286%;min-height:65.85714285714286%;max-height:65.85714285714286%"><ul class="flex h-full flex-1 flex-col" style="gap:var(--story-schedule-gap)"><li class="group relative flex min-h-0 flex-col border transition hover:border-primary/40 hover:bg-primary/5 flex-1 shadow-sm" style="background-color:#ef4444;border-color:rgba(255, 255, 255, 0.14);border-radius:14px;padding:var(--story-card-padding);padding-left:calc(var(--story-card-padding) + 6px);display:flex;flex-direction:column;flex:0 1 auto;min-height:0;transition:background-color 0.3s ease, border-color 0.3s ease;animation:slide-up-fade 0.6s ease 0s both"><div class="flex w-full items-start" style="gap:var(--story-inner-gap)"><div class="flex flex-col" style="gap:var(--story-time-gap)"><div class="text-story-time inline-flex items-center justify-center rounded-2xl font-semibold shadow-inner" style="color:#FFFFFF;font-weight:600;letter-spacing:0.50px;line-height:1.1;font-size:var(--font-time);transition:background-color 0.3s ease, color 0.3s ease, transform 0.3s ease;background-color:#ef4444;padding:var(--story-time-padding-y) var(--story-time-padding-x);min-width:var(--story-time-min-width)">5:10AM</div></div><div class="flex min-w-0 flex-1 flex-col" style="gap:var(--story-text-gap)"><p class="text-story-class font-semibold" style="color:#F8FAFC;font-weight:700;letter-spacing:0.00px;line-height:1.2;font-size:var(--font-class);transition:color 0.3s ease, font-weight 0.3s ease">FULL BODY</p><p class="text-story-instructor" style="color:#CBD5E1;font-weight:500;letter-spacing:0.00px;line-height:1.35;font-size:var(--font-instructor);transition:color 0.3s ease, font-weight 0.3s ease">with (Sub: Kerri Daniels)</p><p class="text-story-location" style="color:#94A3B8;font-weight:500;letter-spacing:0.00px;line-height:1.3;font-size:var(--font-location);transition:color 0.3s ease, font-weight 0.3s ease">📍 Studio A</p></div><span class="pointer-events-none absolute rounded-full" style="top:var(--story-card-accent-inset);bottom:var(--story-card-accent-inset);left:var(--story-card-accent-offset);width:3px;background-color:#ef4444;opacity:0.6"></span></div></li><li class="group relative flex min-h-0 flex-col border transition hover:border-primary/40 hover:bg-primary/5 flex-1 shadow-sm" style="background-color:#ef4444;border-color:rgba(255, 255, 255, 0.14);border-radius:14px;padding:var(--story-card-padding);padding-left:calc(var(--story-card-padding) + 6px);display:flex;flex-direction:column;flex:0 1 auto;min-height:0;transition:background-color 0.3s ease, border-color 0.3s ease;animation:slide-up-fade 0.6s ease 0.08s both"><div class="flex w-full items-start" style="gap:var(--story-inner-gap)"><div class="flex flex-col" style="gap:var(--story-time-gap)"><div class="text-story-time inline-flex items-center justify-center rounded-2xl font-semibold shadow-inner" style="color:#FFFFFF;font-weight:600;letter-spacing:0.50px;line-height:1.1;font-size:var(--font-time);transition:background-color 0.3s ease, color 0.3s ease, transform 0.3s ease;background-color:#ef4444;padding:var(--story-time-padding-y) var(--story-time-padding-x);min-width:var(--story-time-min-width)">6:05AM</div></div><div class="flex min-w-0 flex-1 flex-col" style="gap:var(--story-text-gap)"><p class="text-story-class font-semibold" style="color:#F8FAFC;font-weight:700;letter-spacing:0.00px;line-height:1.2;font-size:var(--font-class);transition:color 0.3s ease, font-weight 0.3s ease">FULL BODY</p><p class="text-story-instructor" style="color:#CBD5E1;font-weight:500;letter-spacing:0.00px;line-height:1.35;font-size:var(--font-instructor);transition:color 0.3s ease, font-weight 0.3s ease">with (Sub: Kerri Daniels)</p><p class="text-story-location" style="color:#94A3B8;font-weight:500;letter-spacing:0.00px;line-height:1.3;font-size:var(--font-location);transition:color 0.3s ease, font-weight 0.3s ease">📍 Studio A</p></div><span class="pointer-events-none absolute rounded-full" style="top:var(--story-card-accent-inset);bottom:var(--story-card-accent-inset);left:var(--story-card-accent-offset);width:3px;background-color:#ef4444;opacity:0.6"></span></div></li><li class="group relative flex min-h-0 flex-col border transition hover:border-primary/40 hover:bg-primary/5 flex-1 shadow-sm" style="background-color:#ef4444;border-color:rgba(255, 255, 255, 0.14);border-radius:14px;padding:var(--story-card-padding);padding-left:calc(var(--story-card-padding) + 6px);display:flex;flex-direction:column;flex:0 1 auto;min-height:0;transition:background-color 0.3s ease, border-color 0.3s ease;animation:slide-up-fade 0.6s ease 0.16s both"><div class="flex w-full items-start" style="gap:var(--story-inner-gap)"><div class="flex flex-col" style="gap:var(--story-time-gap)"><div class="text-story-time inline-flex items-center justify-center rounded-2xl font-semibold shadow-inner" style="color:#FFFFFF;font-weight:600;letter-spacing:0.50px;line-height:1.1;font-size:var(--font-time);transition:background-color 0.3s ease, color 0.3s ease, transform 0.3s ease;background-color:#ef4444;padding:var(--story-time-padding-y) var(--story-time-padding-x);min-width:var(--story-time-min-width)">9:00AM</div></div><div class="flex min-w-0 flex-1 flex-col" style="gap:var(--story-text-gap)"><p class="text-story-class font-semibold" style="color:#F8FAFC;font-weight:700;letter-spacing:0.00px;line-height:1.2;font-size:var(--font-class);transition:color 0.3s ease, font-weight 0.3s ease">FEMME BOOTCAMP</p><p class="text-story-instructor" style="color:#CBD5E1;font-weight:500;letter-spacing:0.00px;line-height:1.35;font-size:var(--font-instructor);transition:color 0.3s ease, font-weight 0.3s ease">with (Glenda Ortiz)</p><p class="text-story-location" style="color:#94A3B8;font-weight:500;letter-spacing:0.00px;line-height:1.3;font-size:var(--font-location);transition:color 0.3s ease, font-weight 0.3s ease">📍 Main Room</p></div><span class="pointer-events-none absolute rounded-full" style="top:var(--story-card-accent-inset);bottom:var(--story-card-accent-inset);left:var(--story-card-accent-offset);width:3px;background-color:#ef4444;opacity:0.6"></span></div></li><li class="group relative flex min-h-0 flex-col border transition hover:border-primary/40 hover:bg-primary/5 flex-1 shadow-sm" style="background-color:#ef4444;border-color:rgba(255, 255, 255, 0.14);border-radius:14px;padding:var(--story-card-padding);padding-left:calc(var(--story-card-padding) + 6px);display:flex;flex-direction:column;flex:0 1 auto;min-height:0;transition:background-color 0.3s ease, border-color 0.3s ease;animation:slide-up-fade 0.6s ease 0.24s both"><div class="flex w-full items-start" style="gap:var(--story-inner-gap)"><div class="flex flex-col" style="gap:var(--story-time-gap)"><div class="text-story-time inline-flex items-center justify-center rounded-2xl font-semibold shadow-inner" style="color:#FFFFFF;font-weight:600;letter-spacing:0.50px;line-height:1.1;font-size:var(--font-time);transition:background-color 0.3s ease, color 0.3s ease, transform 0.3s ease;background-color:#ef4444;padding:var(--story-time-padding-y) var(--story-time-padding-x);min-width:var(--story-time-min-width)">12:00PM</div></div><div class="flex min-w-0 flex-1 flex-col" style="gap:var(--story-text-gap)"><p class="text-story-class font-semibold" style="color:#F8FAFC;font-weight:700;letter-spacing:0.00px;line-height:1.2;font-size:var(--font-class);transition:color 0.3s ease, font-weight 0.3s ease">ZUMBA</p><p class="text-story-instructor" style="color:#CBD5E1;font-weight:500;letter-spacing:0.00px;line-height:1.35;font-size:var(--font-instructor);transition:color 0.3s ease, font-weight 0.3s ease">with (Lama Alassil)</p><p class="text-story-location" style="color:#94A3B8;font-weight:500;letter-spacing:0.00px;line-height:1.3;font-size:var(--font-location);transition:color 0.3s ease, font-weight 0.3s ease">📍 Studio B</p></div><span class="pointer-events-none absolute rounded-full" style="top:var(--story-card-accent-inset);bottom:var(--story-card-accent-inset);left:var(--story-card-accent-offset);width:3px;background-color:#ef4444;opacity:0.6"></span></div></li><li class="group relative flex min-h-0 flex-col border transition hover:border-primary/40 hover:bg-primary/5 flex-1 shadow-sm" style="background-color:#ef4444;border-color:rgba(255, 255, 255, 0.14);border-radius:14px;padding:var(--story-card-padding);padding-left:calc(var(--story-card-padding) + 6px);display:flex;flex-direction:column;flex:0 1 auto;min-height:0;transition:background-color 0.3s ease, border-color 0.3s ease;animation:slide-up-fade 0.6s ease 0.32s both"><div class="flex w-full items-start" style="gap:var(--story-inner-gap)"><div class="flex flex-col" style="gap:var(--story-time-gap)"><div class="text-story-time inline-flex items-center justify-center rounded-2xl font-semibold shadow-inner" style="color:#FFFFFF;font-weight:600;letter-spacing:0.50px;line-height:1.1;font-size:var(--font-time);transition:background-color 0.3s ease, color 0.3s ease, transform 0.3s ease;background-color:#ef4444;padding:var(--story-time-padding-y) var(--story-time-padding-x);min-width:var(--story-time-min-width)">5:15PM</div></div><div class="flex min-w-0 flex-1 flex-col" style="gap:var(--story-text-gap)"><p class="text-story-class font-semibold" style="color:#F8FAFC;font-weight:700;letter-spacing:0.00px;line-height:1.2;font-size:var(--font-class);transition:color 0.3s ease, font-weight 0.3s ease">ABS &amp; BOOTY</p><p class="text-story-instructor" style="color:#CBD5E1;font-weight:500;letter-spacing:0.00px;line-height:1.35;font-size:var(--font-instructor);transition:color 0.3s ease, font-weight 0.3s ease">with (Alexis Mobley)</p><p class="text-story-location" style="color:#94A3B8;font-weight:500;letter-spacing:0.00px;line-height:1.3;font-size:var(--font-location);transition:color 0.3s ease, font-weight 0.3s ease">📍 Strength Zone</p></div><span class="pointer-events-none absolute rounded-full" style="top:var(--story-card-accent-inset);bottom:var(--story-card-accent-inset);left:var(--story-card-accent-offset);width:3px;background-color:#ef4444;opacity:0.6"></span></div></li><li class="group relative flex min-h-0 flex-col border transition hover:border-primary/40 hover:bg-primary/5 flex-1 shadow-sm" style="background-color:#ef4444;border-color:rgba(255, 255, 255, 0.14);border-radius:14px;padding:var(--story-card-padding);padding-left:calc(var(--story-card-padding) + 6px);display:flex;flex-direction:column;flex:0 1 auto;min-height:0;transition:background-color 0.3s ease, border-color 0.3s ease;animation:slide-up-fade 0.6s ease 0.4s both"><div class="flex w-full items-start" style="gap:var(--story-inner-gap)"><div class="flex flex-col" style="gap:var(--story-time-gap)"><div class="text-story-time inline-flex items-center justify-center rounded-2xl font-semibold shadow-inner" style="color:#FFFFFF;font-weight:600;letter-spacing:0.50px;line-height:1.1;font-size:var(--font-time);transition:background-color 0.3s ease, color 0.3s ease, transform 0.3s ease;background-color:#ef4444;padding:var(--story-time-padding-y) var(--story-time-padding-x);min-width:var(--story-time-min-width)">6:15PM</div></div><div class="flex min-w-0 flex-1 flex-col" style="gap:var(--story-text-gap)"><p class="text-story-class font-semibold" style="color:#F8FAFC;font-weight:700;letter-spacing:0.00px;line-height:1.2;font-size:var(--font-class);transition:color 0.3s ease, font-weight 0.3s ease">STEP UP</p><p class="text-story-instructor" style="color:#CBD5E1;font-weight:500;letter-spacing:0.00px;line-height:1.35;font-size:var(--font-instructor);transition:color 0.3s ease, font-weight 0.3s ease">with (Audrey Carryl)</p><p class="text-story-location" style="color:#94A3B8;font-weight:500;letter-spacing:0.00px;line-height:1.3;font-size:var(--font-location);transition:color 0.3s ease, font-weight 0.3s ease">📍 Studio C</p></div><span class="pointer-events-none absolute rounded-full" style="top:var(--story-card-accent-inset);bottom:var(--story-card-accent-inset);left:var(--story-card-accent-offset);width:3px;background-color:#ef4444;opacity:0.6"></span></div></li></ul></main><footer class="mt-auto flex flex-col text-sm text-text-tertiary" style="gap:var(--story-footer-gap)"><p class="text-story-footer" style="color:#94A3B8;font-weight:500;letter-spacing:0.00px;line-height:1.4;font-size:var(--font-footer);transition:color 0.3s ease, font-weight 0.3s ease">@yourgymname</p></footer></div></div></div>"`;
